Archive member included because of file (symbol)

c:/program files (x86)/atmel/atmel toolchain/avr8 gcc/native/3.4.1061/avr8-gnu-toolchain/bin/../lib/gcc/avr/4.8.1/../../../../avr/lib/avr5\libm.a(addsf3.o)
                              CLCD.o (__subsf3)
c:/program files (x86)/atmel/atmel toolchain/avr8 gcc/native/3.4.1061/avr8-gnu-toolchain/bin/../lib/gcc/avr/4.8.1/../../../../avr/lib/avr5\libm.a(addsf3x.o)
                              c:/program files (x86)/atmel/atmel toolchain/avr8 gcc/native/3.4.1061/avr8-gnu-toolchain/bin/../lib/gcc/avr/4.8.1/../../../../avr/lib/avr5\libm.a(addsf3.o) (__addsf3x)
c:/program files (x86)/atmel/atmel toolchain/avr8 gcc/native/3.4.1061/avr8-gnu-toolchain/bin/../lib/gcc/avr/4.8.1/../../../../avr/lib/avr5\libm.a(divsf3.o)
                              Stepper.o (__divsf3)
c:/program files (x86)/atmel/atmel toolchain/avr8 gcc/native/3.4.1061/avr8-gnu-toolchain/bin/../lib/gcc/avr/4.8.1/../../../../avr/lib/avr5\libm.a(divsf3x.o)
                              c:/program files (x86)/atmel/atmel toolchain/avr8 gcc/native/3.4.1061/avr8-gnu-toolchain/bin/../lib/gcc/avr/4.8.1/../../../../avr/lib/avr5\libm.a(divsf3.o) (__divsf3x)
c:/program files (x86)/atmel/atmel toolchain/avr8 gcc/native/3.4.1061/avr8-gnu-toolchain/bin/../lib/gcc/avr/4.8.1/../../../../avr/lib/avr5\libm.a(fixunssfsi.o)
                              CLCD.o (__fixunssfsi)
c:/program files (x86)/atmel/atmel toolchain/avr8 gcc/native/3.4.1061/avr8-gnu-toolchain/bin/../lib/gcc/avr/4.8.1/../../../../avr/lib/avr5\libm.a(floatsisf.o)
                              CLCD.o (__floatunsisf)
c:/program files (x86)/atmel/atmel toolchain/avr8 gcc/native/3.4.1061/avr8-gnu-toolchain/bin/../lib/gcc/avr/4.8.1/../../../../avr/lib/avr5\libm.a(fp_inf.o)
                              c:/program files (x86)/atmel/atmel toolchain/avr8 gcc/native/3.4.1061/avr8-gnu-toolchain/bin/../lib/gcc/avr/4.8.1/../../../../avr/lib/avr5\libm.a(addsf3x.o) (__fp_inf)
c:/program files (x86)/atmel/atmel toolchain/avr8 gcc/native/3.4.1061/avr8-gnu-toolchain/bin/../lib/gcc/avr/4.8.1/../../../../avr/lib/avr5\libm.a(fp_nan.o)
                              c:/program files (x86)/atmel/atmel toolchain/avr8 gcc/native/3.4.1061/avr8-gnu-toolchain/bin/../lib/gcc/avr/4.8.1/../../../../avr/lib/avr5\libm.a(addsf3x.o) (__fp_nan)
c:/program files (x86)/atmel/atmel toolchain/avr8 gcc/native/3.4.1061/avr8-gnu-toolchain/bin/../lib/gcc/avr/4.8.1/../../../../avr/lib/avr5\libm.a(fp_pscA.o)
                              c:/program files (x86)/atmel/atmel toolchain/avr8 gcc/native/3.4.1061/avr8-gnu-toolchain/bin/../lib/gcc/avr/4.8.1/../../../../avr/lib/avr5\libm.a(addsf3x.o) (__fp_pscA)
c:/program files (x86)/atmel/atmel toolchain/avr8 gcc/native/3.4.1061/avr8-gnu-toolchain/bin/../lib/gcc/avr/4.8.1/../../../../avr/lib/avr5\libm.a(fp_pscB.o)
                              c:/program files (x86)/atmel/atmel toolchain/avr8 gcc/native/3.4.1061/avr8-gnu-toolchain/bin/../lib/gcc/avr/4.8.1/../../../../avr/lib/avr5\libm.a(addsf3x.o) (__fp_pscB)
c:/program files (x86)/atmel/atmel toolchain/avr8 gcc/native/3.4.1061/avr8-gnu-toolchain/bin/../lib/gcc/avr/4.8.1/../../../../avr/lib/avr5\libm.a(fp_round.o)
                              c:/program files (x86)/atmel/atmel toolchain/avr8 gcc/native/3.4.1061/avr8-gnu-toolchain/bin/../lib/gcc/avr/4.8.1/../../../../avr/lib/avr5\libm.a(addsf3.o) (__fp_round)
c:/program files (x86)/atmel/atmel toolchain/avr8 gcc/native/3.4.1061/avr8-gnu-toolchain/bin/../lib/gcc/avr/4.8.1/../../../../avr/lib/avr5\libm.a(fp_split3.o)
                              c:/program files (x86)/atmel/atmel toolchain/avr8 gcc/native/3.4.1061/avr8-gnu-toolchain/bin/../lib/gcc/avr/4.8.1/../../../../avr/lib/avr5\libm.a(addsf3x.o) (__fp_split3)
c:/program files (x86)/atmel/atmel toolchain/avr8 gcc/native/3.4.1061/avr8-gnu-toolchain/bin/../lib/gcc/avr/4.8.1/../../../../avr/lib/avr5\libm.a(fp_zero.o)
                              c:/program files (x86)/atmel/atmel toolchain/avr8 gcc/native/3.4.1061/avr8-gnu-toolchain/bin/../lib/gcc/avr/4.8.1/../../../../avr/lib/avr5\libm.a(addsf3x.o) (__fp_zero)
c:/program files (x86)/atmel/atmel toolchain/avr8 gcc/native/3.4.1061/avr8-gnu-toolchain/bin/../lib/gcc/avr/4.8.1/../../../../avr/lib/avr5\libm.a(mulsf3.o)
                              CLCD.o (__mulsf3)
c:/program files (x86)/atmel/atmel toolchain/avr8 gcc/native/3.4.1061/avr8-gnu-toolchain/bin/../lib/gcc/avr/4.8.1/../../../../avr/lib/avr5\libm.a(mulsf3x.o)
                              c:/program files (x86)/atmel/atmel toolchain/avr8 gcc/native/3.4.1061/avr8-gnu-toolchain/bin/../lib/gcc/avr/4.8.1/../../../../avr/lib/avr5\libm.a(mulsf3.o) (__mulsf3x)
c:/program files (x86)/atmel/atmel toolchain/avr8 gcc/native/3.4.1061/avr8-gnu-toolchain/bin/../lib/gcc/avr/4.8.1/avr5\libgcc.a(_divmodhi4.o)
                              CLCD.o (__divmodhi4)
c:/program files (x86)/atmel/atmel toolchain/avr8 gcc/native/3.4.1061/avr8-gnu-toolchain/bin/../lib/gcc/avr/4.8.1/avr5\libgcc.a(_exit.o)
                              c:/program files (x86)/atmel/atmel toolchain/avr8 gcc/native/3.4.1061/avr8-gnu-toolchain/bin/../lib/gcc/avr/4.8.1/../../../../avr/lib/avr5/crtm32a.o (exit)
c:/program files (x86)/atmel/atmel toolchain/avr8 gcc/native/3.4.1061/avr8-gnu-toolchain/bin/../lib/gcc/avr/4.8.1/avr5\libgcc.a(_tablejump.o)
                              SevenSegment.o (__tablejump2__)
c:/program files (x86)/atmel/atmel toolchain/avr8 gcc/native/3.4.1061/avr8-gnu-toolchain/bin/../lib/gcc/avr/4.8.1/avr5\libgcc.a(_copy_data.o)
                              ADC.o (__do_copy_data)
c:/program files (x86)/atmel/atmel toolchain/avr8 gcc/native/3.4.1061/avr8-gnu-toolchain/bin/../lib/gcc/avr/4.8.1/avr5\libgcc.a(_clear_bss.o)
                              ADC.o (__do_clear_bss)
c:/program files (x86)/atmel/atmel toolchain/avr8 gcc/native/3.4.1061/avr8-gnu-toolchain/bin/../lib/gcc/avr/4.8.1/avr5\libgcc.a(_udivmodhi4.o)
                              c:/program files (x86)/atmel/atmel toolchain/avr8 gcc/native/3.4.1061/avr8-gnu-toolchain/bin/../lib/gcc/avr/4.8.1/avr5\libgcc.a(_divmodhi4.o) (__udivmodhi4)
c:/program files (x86)/atmel/atmel toolchain/avr8 gcc/native/3.4.1061/avr8-gnu-toolchain/bin/../lib/gcc/avr/4.8.1/../../../../avr/lib/avr5\libc.a(atoi.o)
                              SmartHome.o (atoi)
c:/program files (x86)/atmel/atmel toolchain/avr8 gcc/native/3.4.1061/avr8-gnu-toolchain/bin/../lib/gcc/avr/4.8.1/../../../../avr/lib/avr5\libc.a(mul10.o)
                              c:/program files (x86)/atmel/atmel toolchain/avr8 gcc/native/3.4.1061/avr8-gnu-toolchain/bin/../lib/gcc/avr/4.8.1/../../../../avr/lib/avr5\libc.a(atoi.o) (__mulhi_const_10)

Discarded input sections

 .data          0x00000000        0x0 c:/program files (x86)/atmel/atmel toolchain/avr8 gcc/native/3.4.1061/avr8-gnu-toolchain/bin/../lib/gcc/avr/4.8.1/../../../../avr/lib/avr5/crtm32a.o
 .bss           0x00000000        0x0 c:/program files (x86)/atmel/atmel toolchain/avr8 gcc/native/3.4.1061/avr8-gnu-toolchain/bin/../lib/gcc/avr/4.8.1/../../../../avr/lib/avr5/crtm32a.o
 .text          0x00000000        0x0 ADC.o
 .data          0x00000000        0x0 ADC.o
 .bss           0x00000000        0x0 ADC.o
 .text.ADC_StartConversionAsynch
                0x00000000       0x44 ADC.o
 .text          0x00000000        0x0 Blutooth_HC06.o
 .data          0x00000000        0x0 Blutooth_HC06.o
 .bss           0x00000000        0x0 Blutooth_HC06.o
 .text          0x00000000        0x0 Buzzer.o
 .data          0x00000000        0x0 Buzzer.o
 .bss           0x00000000        0x0 Buzzer.o
 .text.Buzzer_TurnOn
                0x00000000        0xe Buzzer.o
 .text.Buzzer_TurnOff
                0x00000000        0xe Buzzer.o
 .text          0x00000000        0x0 CLCD.o
 .data          0x00000000        0x0 CLCD.o
 .bss           0x00000000        0x0 CLCD.o
 .text.CLCD_SendEnablePulse
                0x00000000       0x30 CLCD.o
 .text.CLCD_SendInstruction
                0x00000000       0x94 CLCD.o
 .text.CLCD_SendData
                0x00000000       0x94 CLCD.o
 .text.CLCD_Setup
                0x00000000       0x96 CLCD.o
 .text.CLCD_PrintString
                0x00000000       0x2a CLCD.o
 .text.CLCD_SetCursor
                0x00000000       0x28 CLCD.o
 .text.CLCD_BlinkCursor
                0x00000000       0x10 CLCD.o
 .text.CLCD_NoBlinkCursor
                0x00000000       0x10 CLCD.o
 .text.CLCD_TurnOnCursor
                0x00000000       0x10 CLCD.o
 .text.CLCD_TurnOffCursor
                0x00000000       0x10 CLCD.o
 .text.CLCD_TurnOnDisplay
                0x00000000       0x10 CLCD.o
 .text.CLCD_TurnOffDisplay
                0x00000000       0x10 CLCD.o
 .text.CLCD_ShiftCursorRight
                0x00000000       0x10 CLCD.o
 .text.CLCD_ShiftCursorLeft
                0x00000000       0x10 CLCD.o
 .text.CLCD_ShiftDisplayLeft
                0x00000000       0x10 CLCD.o
 .text.CLCD_ShiftDisplayRight
                0x00000000       0x10 CLCD.o
 .text.CLCD_PrintChar
                0x00000000        0x6 CLCD.o
 .text.CLCD_PrintNumber
                0x00000000       0x90 CLCD.o
 .text.CLCD_StoreSpecialCharater
                0x00000000       0x3c CLCD.o
 .text.CLCD_PrintSpecialCharacter
                0x00000000        0x6 CLCD.o
 .text.CLCD_ClearCLCD
                0x00000000       0x1a CLCD.o
 .text.CLCD_PrintFloat
                0x00000000       0x68 CLCD.o
 .debug_info    0x00000000     0x10f5 CLCD.o
 .debug_abbrev  0x00000000      0x2b9 CLCD.o
 .debug_loc     0x00000000      0x635 CLCD.o
 .debug_aranges
                0x00000000       0xc8 CLCD.o
 .debug_ranges  0x00000000       0xb8 CLCD.o
 .debug_line    0x00000000      0x3d3 CLCD.o
 .debug_str     0x00000000      0x4ed CLCD.o
 .comment       0x00000000       0x31 CLCD.o
 .debug_frame   0x00000000      0x1f0 CLCD.o
 .text          0x00000000        0x0 DCMotor.o
 .data          0x00000000        0x0 DCMotor.o
 .bss           0x00000000        0x0 DCMotor.o
 .text.DCMotor_MoveCCW
                0x00000000       0x20 DCMotor.o
 .text          0x00000000        0x0 DIO.o
 .data          0x00000000        0x0 DIO.o
 .bss           0x00000000        0x0 DIO.o
 .text.DIO_ReadPin
                0x00000000       0xd6 DIO.o
 .text.DIO_ReadPort
                0x00000000       0x42 DIO.o
 .text          0x00000000        0x0 IR.o
 .data          0x00000000        0x0 IR.o
 .bss           0x00000000        0x0 IR.o
 .text.IR_GetValue
                0x00000000        0xe IR.o
 .text          0x00000000        0x0 LDR.o
 .data          0x00000000        0x0 LDR.o
 .bss           0x00000000        0x0 LDR.o
 .text          0x00000000        0x0 LED.o
 .data          0x00000000        0x0 LED.o
 .bss           0x00000000        0x0 LED.o
 .text          0x00000000        0x0 main.o
 .data          0x00000000        0x0 main.o
 .bss           0x00000000        0x0 main.o
 .text          0x00000000        0x0 Relay.o
 .data          0x00000000        0x0 Relay.o
 .bss           0x00000000        0x0 Relay.o
 .text          0x00000000        0x0 Servo.o
 .data          0x00000000        0x0 Servo.o
 .bss           0x00000000        0x0 Servo.o
 .text          0x00000000        0x0 SevenSegment.o
 .data          0x00000000        0x0 SevenSegment.o
 .bss           0x00000000        0x0 SevenSegment.o
 .text          0x00000000        0x0 SmartHome.o
 .data          0x00000000        0x0 SmartHome.o
 .bss           0x00000000        0x0 SmartHome.o
 .text          0x00000000        0x0 Stepper.o
 .data          0x00000000        0x0 Stepper.o
 .bss           0x00000000        0x0 Stepper.o
 .text.Stepper_Setup
                0x00000000       0x34 Stepper.o
 .text.Stepper_Move
                0x00000000      0x40e Stepper.o
 .text.Stepper_Stop
                0x00000000       0xdc Stepper.o
 .debug_info    0x00000000      0xd55 Stepper.o
 .debug_abbrev  0x00000000      0x1af Stepper.o
 .debug_loc     0x00000000      0x7da Stepper.o
 .debug_aranges
                0x00000000       0x30 Stepper.o
 .debug_ranges  0x00000000       0x20 Stepper.o
 .debug_line    0x00000000      0x3f7 Stepper.o
 .debug_str     0x00000000      0x2d3 Stepper.o
 .comment       0x00000000       0x31 Stepper.o
 .debug_frame   0x00000000       0x7c Stepper.o
 .text          0x00000000        0x0 TempSensorLm35.o
 .data          0x00000000        0x0 TempSensorLm35.o
 .bss           0x00000000        0x0 TempSensorLm35.o
 .text          0x00000000        0x0 Timers.o
 .data          0x00000000        0x0 Timers.o
 .bss           0x00000000        0x0 Timers.o
 .text.Timer0_Disable
                0x00000000       0x14 Timers.o
 .text.Timer0_SetPreLoadValue
                0x00000000        0x4 Timers.o
 .text.Timer0_SetCompareMatchValue
                0x00000000        0x4 Timers.o
 .text.Timer0_SetCallBackFunctionCompareMatch
                0x00000000       0x14 Timers.o
 .text.Timer0_SetCallBackFunctionOverFlow
                0x00000000       0x14 Timers.o
 .text.Timer0_PWM_OC0Pin
                0x00000000        0x4 Timers.o
 .text.Timer1_DisableTimer
                0x00000000       0x14 Timers.o
 .text.Timer1_SetPreLoadValue
                0x00000000        0x6 Timers.o
 .text.Timer1_SetCompareMatchAValue
                0x00000000        0x6 Timers.o
 .text.Timer1_SetCompareMatchBValue
                0x00000000        0x6 Timers.o
 .text.Timer1_SetCallBackFunctionOverFlow
                0x00000000        0xe Timers.o
 .text.Timer1_SetCallBackFunctionCompareMatchA
                0x00000000        0xe Timers.o
 .text.Timer1_SetCallBackFunctionCompareMatchB
                0x00000000        0xe Timers.o
 .text.Timer1_SetCallBackFunctionCaptureEvent
                0x00000000        0xe Timers.o
 .text.Timer2_Disable
                0x00000000       0x14 Timers.o
 .text.Timer2_SetPreLoadValue
                0x00000000        0x4 Timers.o
 .text.Timer2_SetCompareMatchValue
                0x00000000        0x4 Timers.o
 .text.Timer2_SetCallBackFunctionCompareMatch
                0x00000000       0x14 Timers.o
 .text.Timer2_SetCallBackFunctionOverFlow
                0x00000000       0x14 Timers.o
 .text.Timer2_PWM_OC2Pin
                0x00000000        0x4 Timers.o
 .text.Timer0_DisableOC0
                0x00000000        0xe Timers.o
 .text.Timer1_DisableOC1A
                0x00000000        0xe Timers.o
 .text.Timer1_DisableOC1B
                0x00000000        0xe Timers.o
 .text.Timer2_DisableOC2
                0x00000000        0xe Timers.o
 .text          0x00000000        0x0 USART.o
 .data          0x00000000        0x0 USART.o
 .bss           0x00000000        0x0 USART.o
 .text.USART_SendDataSynch
                0x00000000        0x2 USART.o
 .text.USART_RecieveDataSynch
                0x00000000        0x2 USART.o
 .text          0x00000000        0x0 c:/program files (x86)/atmel/atmel toolchain/avr8 gcc/native/3.4.1061/avr8-gnu-toolchain/bin/../lib/gcc/avr/4.8.1/../../../../avr/lib/avr5\libm.a(addsf3.o)
 .data          0x00000000        0x0 c:/program files (x86)/atmel/atmel toolchain/avr8 gcc/native/3.4.1061/avr8-gnu-toolchain/bin/../lib/gcc/avr/4.8.1/../../../../avr/lib/avr5\libm.a(addsf3.o)
 .bss           0x00000000        0x0 c:/program files (x86)/atmel/atmel toolchain/avr8 gcc/native/3.4.1061/avr8-gnu-toolchain/bin/../lib/gcc/avr/4.8.1/../../../../avr/lib/avr5\libm.a(addsf3.o)
 .text          0x00000000        0x0 c:/program files (x86)/atmel/atmel toolchain/avr8 gcc/native/3.4.1061/avr8-gnu-toolchain/bin/../lib/gcc/avr/4.8.1/../../../../avr/lib/avr5\libm.a(addsf3x.o)
 .data          0x00000000        0x0 c:/program files (x86)/atmel/atmel toolchain/avr8 gcc/native/3.4.1061/avr8-gnu-toolchain/bin/../lib/gcc/avr/4.8.1/../../../../avr/lib/avr5\libm.a(addsf3x.o)
 .bss           0x00000000        0x0 c:/program files (x86)/atmel/atmel toolchain/avr8 gcc/native/3.4.1061/avr8-gnu-toolchain/bin/../lib/gcc/avr/4.8.1/../../../../avr/lib/avr5\libm.a(addsf3x.o)
 .text          0x00000000        0x0 c:/program files (x86)/atmel/atmel toolchain/avr8 gcc/native/3.4.1061/avr8-gnu-toolchain/bin/../lib/gcc/avr/4.8.1/../../../../avr/lib/avr5\libm.a(divsf3.o)
 .data          0x00000000        0x0 c:/program files (x86)/atmel/atmel toolchain/avr8 gcc/native/3.4.1061/avr8-gnu-toolchain/bin/../lib/gcc/avr/4.8.1/../../../../avr/lib/avr5\libm.a(divsf3.o)
 .bss           0x00000000        0x0 c:/program files (x86)/atmel/atmel toolchain/avr8 gcc/native/3.4.1061/avr8-gnu-toolchain/bin/../lib/gcc/avr/4.8.1/../../../../avr/lib/avr5\libm.a(divsf3.o)
 .text.avr-libc.fplib
                0x00000000        0x4 c:/program files (x86)/atmel/atmel toolchain/avr8 gcc/native/3.4.1061/avr8-gnu-toolchain/bin/../lib/gcc/avr/4.8.1/../../../../avr/lib/avr5\libm.a(divsf3.o)
 .text          0x00000000        0x0 c:/program files (x86)/atmel/atmel toolchain/avr8 gcc/native/3.4.1061/avr8-gnu-toolchain/bin/../lib/gcc/avr/4.8.1/../../../../avr/lib/avr5\libm.a(divsf3x.o)
 .data          0x00000000        0x0 c:/program files (x86)/atmel/atmel toolchain/avr8 gcc/native/3.4.1061/avr8-gnu-toolchain/bin/../lib/gcc/avr/4.8.1/../../../../avr/lib/avr5\libm.a(divsf3x.o)
 .bss           0x00000000        0x0 c:/program files (x86)/atmel/atmel toolchain/avr8 gcc/native/3.4.1061/avr8-gnu-toolchain/bin/../lib/gcc/avr/4.8.1/../../../../avr/lib/avr5\libm.a(divsf3x.o)
 .text.avr-libc.fplib
                0x00000000       0xcc c:/program files (x86)/atmel/atmel toolchain/avr8 gcc/native/3.4.1061/avr8-gnu-toolchain/bin/../lib/gcc/avr/4.8.1/../../../../avr/lib/avr5\libm.a(divsf3x.o)
 .text          0x00000000        0x0 c:/program files (x86)/atmel/atmel toolchain/avr8 gcc/native/3.4.1061/avr8-gnu-toolchain/bin/../lib/gcc/avr/4.8.1/../../../../avr/lib/avr5\libm.a(fixunssfsi.o)
 .data          0x00000000        0x0 c:/program files (x86)/atmel/atmel toolchain/avr8 gcc/native/3.4.1061/avr8-gnu-toolchain/bin/../lib/gcc/avr/4.8.1/../../../../avr/lib/avr5\libm.a(fixunssfsi.o)
 .bss           0x00000000        0x0 c:/program files (x86)/atmel/atmel toolchain/avr8 gcc/native/3.4.1061/avr8-gnu-toolchain/bin/../lib/gcc/avr/4.8.1/../../../../avr/lib/avr5\libm.a(fixunssfsi.o)
 .text          0x00000000        0x0 c:/program files (x86)/atmel/atmel toolchain/avr8 gcc/native/3.4.1061/avr8-gnu-toolchain/bin/../lib/gcc/avr/4.8.1/../../../../avr/lib/avr5\libm.a(floatsisf.o)
 .data          0x00000000        0x0 c:/program files (x86)/atmel/atmel toolchain/avr8 gcc/native/3.4.1061/avr8-gnu-toolchain/bin/../lib/gcc/avr/4.8.1/../../../../avr/lib/avr5\libm.a(floatsisf.o)
 .bss           0x00000000        0x0 c:/program files (x86)/atmel/atmel toolchain/avr8 gcc/native/3.4.1061/avr8-gnu-toolchain/bin/../lib/gcc/avr/4.8.1/../../../../avr/lib/avr5\libm.a(floatsisf.o)
 .text          0x00000000        0x0 c:/program files (x86)/atmel/atmel toolchain/avr8 gcc/native/3.4.1061/avr8-gnu-toolchain/bin/../lib/gcc/avr/4.8.1/../../../../avr/lib/avr5\libm.a(fp_inf.o)
 .data          0x00000000        0x0 c:/program files (x86)/atmel/atmel toolchain/avr8 gcc/native/3.4.1061/avr8-gnu-toolchain/bin/../lib/gcc/avr/4.8.1/../../../../avr/lib/avr5\libm.a(fp_inf.o)
 .bss           0x00000000        0x0 c:/program files (x86)/atmel/atmel toolchain/avr8 gcc/native/3.4.1061/avr8-gnu-toolchain/bin/../lib/gcc/avr/4.8.1/../../../../avr/lib/avr5\libm.a(fp_inf.o)
 .text          0x00000000        0x0 c:/program files (x86)/atmel/atmel toolchain/avr8 gcc/native/3.4.1061/avr8-gnu-toolchain/bin/../lib/gcc/avr/4.8.1/../../../../avr/lib/avr5\libm.a(fp_nan.o)
 .data          0x00000000        0x0 c:/program files (x86)/atmel/atmel toolchain/avr8 gcc/native/3.4.1061/avr8-gnu-toolchain/bin/../lib/gcc/avr/4.8.1/../../../../avr/lib/avr5\libm.a(fp_nan.o)
 .bss           0x00000000        0x0 c:/program files (x86)/atmel/atmel toolchain/avr8 gcc/native/3.4.1061/avr8-gnu-toolchain/bin/../lib/gcc/avr/4.8.1/../../../../avr/lib/avr5\libm.a(fp_nan.o)
 .text          0x00000000        0x0 c:/program files (x86)/atmel/atmel toolchain/avr8 gcc/native/3.4.1061/avr8-gnu-toolchain/bin/../lib/gcc/avr/4.8.1/../../../../avr/lib/avr5\libm.a(fp_pscA.o)
 .data          0x00000000        0x0 c:/program files (x86)/atmel/atmel toolchain/avr8 gcc/native/3.4.1061/avr8-gnu-toolchain/bin/../lib/gcc/avr/4.8.1/../../../../avr/lib/avr5\libm.a(fp_pscA.o)
 .bss           0x00000000        0x0 c:/program files (x86)/atmel/atmel toolchain/avr8 gcc/native/3.4.1061/avr8-gnu-toolchain/bin/../lib/gcc/avr/4.8.1/../../../../avr/lib/avr5\libm.a(fp_pscA.o)
 .text          0x00000000        0x0 c:/program files (x86)/atmel/atmel toolchain/avr8 gcc/native/3.4.1061/avr8-gnu-toolchain/bin/../lib/gcc/avr/4.8.1/../../../../avr/lib/avr5\libm.a(fp_pscB.o)
 .data          0x00000000        0x0 c:/program files (x86)/atmel/atmel toolchain/avr8 gcc/native/3.4.1061/avr8-gnu-toolchain/bin/../lib/gcc/avr/4.8.1/../../../../avr/lib/avr5\libm.a(fp_pscB.o)
 .bss           0x00000000        0x0 c:/program files (x86)/atmel/atmel toolchain/avr8 gcc/native/3.4.1061/avr8-gnu-toolchain/bin/../lib/gcc/avr/4.8.1/../../../../avr/lib/avr5\libm.a(fp_pscB.o)
 .text          0x00000000        0x0 c:/program files (x86)/atmel/atmel toolchain/avr8 gcc/native/3.4.1061/avr8-gnu-toolchain/bin/../lib/gcc/avr/4.8.1/../../../../avr/lib/avr5\libm.a(fp_round.o)
 .data          0x00000000        0x0 c:/program files (x86)/atmel/atmel toolchain/avr8 gcc/native/3.4.1061/avr8-gnu-toolchain/bin/../lib/gcc/avr/4.8.1/../../../../avr/lib/avr5\libm.a(fp_round.o)
 .bss           0x00000000        0x0 c:/program files (x86)/atmel/atmel toolchain/avr8 gcc/native/3.4.1061/avr8-gnu-toolchain/bin/../lib/gcc/avr/4.8.1/../../../../avr/lib/avr5\libm.a(fp_round.o)
 .text          0x00000000        0x0 c:/program files (x86)/atmel/atmel toolchain/avr8 gcc/native/3.4.1061/avr8-gnu-toolchain/bin/../lib/gcc/avr/4.8.1/../../../../avr/lib/avr5\libm.a(fp_split3.o)
 .data          0x00000000        0x0 c:/program files (x86)/atmel/atmel toolchain/avr8 gcc/native/3.4.1061/avr8-gnu-toolchain/bin/../lib/gcc/avr/4.8.1/../../../../avr/lib/avr5\libm.a(fp_split3.o)
 .bss           0x00000000        0x0 c:/program files (x86)/atmel/atmel toolchain/avr8 gcc/native/3.4.1061/avr8-gnu-toolchain/bin/../lib/gcc/avr/4.8.1/../../../../avr/lib/avr5\libm.a(fp_split3.o)
 .text          0x00000000        0x0 c:/program files (x86)/atmel/atmel toolchain/avr8 gcc/native/3.4.1061/avr8-gnu-toolchain/bin/../lib/gcc/avr/4.8.1/../../../../avr/lib/avr5\libm.a(fp_zero.o)
 .data          0x00000000        0x0 c:/program files (x86)/atmel/atmel toolchain/avr8 gcc/native/3.4.1061/avr8-gnu-toolchain/bin/../lib/gcc/avr/4.8.1/../../../../avr/lib/avr5\libm.a(fp_zero.o)
 .bss           0x00000000        0x0 c:/program files (x86)/atmel/atmel toolchain/avr8 gcc/native/3.4.1061/avr8-gnu-toolchain/bin/../lib/gcc/avr/4.8.1/../../../../avr/lib/avr5\libm.a(fp_zero.o)
 .text          0x00000000        0x0 c:/program files (x86)/atmel/atmel toolchain/avr8 gcc/native/3.4.1061/avr8-gnu-toolchain/bin/../lib/gcc/avr/4.8.1/../../../../avr/lib/avr5\libm.a(mulsf3.o)
 .data          0x00000000        0x0 c:/program files (x86)/atmel/atmel toolchain/avr8 gcc/native/3.4.1061/avr8-gnu-toolchain/bin/../lib/gcc/avr/4.8.1/../../../../avr/lib/avr5\libm.a(mulsf3.o)
 .bss           0x00000000        0x0 c:/program files (x86)/atmel/atmel toolchain/avr8 gcc/native/3.4.1061/avr8-gnu-toolchain/bin/../lib/gcc/avr/4.8.1/../../../../avr/lib/avr5\libm.a(mulsf3.o)
 .text          0x00000000        0x0 c:/program files (x86)/atmel/atmel toolchain/avr8 gcc/native/3.4.1061/avr8-gnu-toolchain/bin/../lib/gcc/avr/4.8.1/../../../../avr/lib/avr5\libm.a(mulsf3x.o)
 .data          0x00000000        0x0 c:/program files (x86)/atmel/atmel toolchain/avr8 gcc/native/3.4.1061/avr8-gnu-toolchain/bin/../lib/gcc/avr/4.8.1/../../../../avr/lib/avr5\libm.a(mulsf3x.o)
 .bss           0x00000000        0x0 c:/program files (x86)/atmel/atmel toolchain/avr8 gcc/native/3.4.1061/avr8-gnu-toolchain/bin/../lib/gcc/avr/4.8.1/../../../../avr/lib/avr5\libm.a(mulsf3x.o)
 .text          0x00000000        0x0 c:/program files (x86)/atmel/atmel toolchain/avr8 gcc/native/3.4.1061/avr8-gnu-toolchain/bin/../lib/gcc/avr/4.8.1/avr5\libgcc.a(_divmodhi4.o)
 .data          0x00000000        0x0 c:/program files (x86)/atmel/atmel toolchain/avr8 gcc/native/3.4.1061/avr8-gnu-toolchain/bin/../lib/gcc/avr/4.8.1/avr5\libgcc.a(_divmodhi4.o)
 .bss           0x00000000        0x0 c:/program files (x86)/atmel/atmel toolchain/avr8 gcc/native/3.4.1061/avr8-gnu-toolchain/bin/../lib/gcc/avr/4.8.1/avr5\libgcc.a(_divmodhi4.o)
 .text.libgcc.mul
                0x00000000        0x0 c:/program files (x86)/atmel/atmel toolchain/avr8 gcc/native/3.4.1061/avr8-gnu-toolchain/bin/../lib/gcc/avr/4.8.1/avr5\libgcc.a(_divmodhi4.o)
 .text.libgcc.div
                0x00000000       0x28 c:/program files (x86)/atmel/atmel toolchain/avr8 gcc/native/3.4.1061/avr8-gnu-toolchain/bin/../lib/gcc/avr/4.8.1/avr5\libgcc.a(_divmodhi4.o)
 .text.libgcc   0x00000000        0x0 c:/program files (x86)/atmel/atmel toolchain/avr8 gcc/native/3.4.1061/avr8-gnu-toolchain/bin/../lib/gcc/avr/4.8.1/avr5\libgcc.a(_divmodhi4.o)
 .text.libgcc.prologue
                0x00000000        0x0 c:/program files (x86)/atmel/atmel toolchain/avr8 gcc/native/3.4.1061/avr8-gnu-toolchain/bin/../lib/gcc/avr/4.8.1/avr5\libgcc.a(_divmodhi4.o)
 .text.libgcc.builtins
                0x00000000        0x0 c:/program files (x86)/atmel/atmel toolchain/avr8 gcc/native/3.4.1061/avr8-gnu-toolchain/bin/../lib/gcc/avr/4.8.1/avr5\libgcc.a(_divmodhi4.o)
 .text.libgcc.fmul
                0x00000000        0x0 c:/program files (x86)/atmel/atmel toolchain/avr8 gcc/native/3.4.1061/avr8-gnu-toolchain/bin/../lib/gcc/avr/4.8.1/avr5\libgcc.a(_divmodhi4.o)
 .text.libgcc.fixed
                0x00000000        0x0 c:/program files (x86)/atmel/atmel toolchain/avr8 gcc/native/3.4.1061/avr8-gnu-toolchain/bin/../lib/gcc/avr/4.8.1/avr5\libgcc.a(_divmodhi4.o)
 .text          0x00000000        0x0 c:/program files (x86)/atmel/atmel toolchain/avr8 gcc/native/3.4.1061/avr8-gnu-toolchain/bin/../lib/gcc/avr/4.8.1/avr5\libgcc.a(_exit.o)
 .data          0x00000000        0x0 c:/program files (x86)/atmel/atmel toolchain/avr8 gcc/native/3.4.1061/avr8-gnu-toolchain/bin/../lib/gcc/avr/4.8.1/avr5\libgcc.a(_exit.o)
 .bss           0x00000000        0x0 c:/program files (x86)/atmel/atmel toolchain/avr8 gcc/native/3.4.1061/avr8-gnu-toolchain/bin/../lib/gcc/avr/4.8.1/avr5\libgcc.a(_exit.o)
 .text.libgcc.mul
                0x00000000        0x0 c:/program files (x86)/atmel/atmel toolchain/avr8 gcc/native/3.4.1061/avr8-gnu-toolchain/bin/../lib/gcc/avr/4.8.1/avr5\libgcc.a(_exit.o)
 .text.libgcc.div
                0x00000000        0x0 c:/program files (x86)/atmel/atmel toolchain/avr8 gcc/native/3.4.1061/avr8-gnu-toolchain/bin/../lib/gcc/avr/4.8.1/avr5\libgcc.a(_exit.o)
 .text.libgcc   0x00000000        0x0 c:/program files (x86)/atmel/atmel toolchain/avr8 gcc/native/3.4.1061/avr8-gnu-toolchain/bin/../lib/gcc/avr/4.8.1/avr5\libgcc.a(_exit.o)
 .text.libgcc.prologue
                0x00000000        0x0 c:/program files (x86)/atmel/atmel toolchain/avr8 gcc/native/3.4.1061/avr8-gnu-toolchain/bin/../lib/gcc/avr/4.8.1/avr5\libgcc.a(_exit.o)
 .text.libgcc.builtins
                0x00000000        0x0 c:/program files (x86)/atmel/atmel toolchain/avr8 gcc/native/3.4.1061/avr8-gnu-toolchain/bin/../lib/gcc/avr/4.8.1/avr5\libgcc.a(_exit.o)
 .text.libgcc.fmul
                0x00000000        0x0 c:/program files (x86)/atmel/atmel toolchain/avr8 gcc/native/3.4.1061/avr8-gnu-toolchain/bin/../lib/gcc/avr/4.8.1/avr5\libgcc.a(_exit.o)
 .text.libgcc.fixed
                0x00000000        0x0 c:/program files (x86)/atmel/atmel toolchain/avr8 gcc/native/3.4.1061/avr8-gnu-toolchain/bin/../lib/gcc/avr/4.8.1/avr5\libgcc.a(_exit.o)
 .text          0x00000000        0x0 c:/program files (x86)/atmel/atmel toolchain/avr8 gcc/native/3.4.1061/avr8-gnu-toolchain/bin/../lib/gcc/avr/4.8.1/avr5\libgcc.a(_tablejump.o)
 .data          0x00000000        0x0 c:/program files (x86)/atmel/atmel toolchain/avr8 gcc/native/3.4.1061/avr8-gnu-toolchain/bin/../lib/gcc/avr/4.8.1/avr5\libgcc.a(_tablejump.o)
 .bss           0x00000000        0x0 c:/program files (x86)/atmel/atmel toolchain/avr8 gcc/native/3.4.1061/avr8-gnu-toolchain/bin/../lib/gcc/avr/4.8.1/avr5\libgcc.a(_tablejump.o)
 .text.libgcc.mul
                0x00000000        0x0 c:/program files (x86)/atmel/atmel toolchain/avr8 gcc/native/3.4.1061/avr8-gnu-toolchain/bin/../lib/gcc/avr/4.8.1/avr5\libgcc.a(_tablejump.o)
 .text.libgcc.div
                0x00000000        0x0 c:/program files (x86)/atmel/atmel toolchain/avr8 gcc/native/3.4.1061/avr8-gnu-toolchain/bin/../lib/gcc/avr/4.8.1/avr5\libgcc.a(_tablejump.o)
 .text.libgcc.prologue
                0x00000000        0x0 c:/program files (x86)/atmel/atmel toolchain/avr8 gcc/native/3.4.1061/avr8-gnu-toolchain/bin/../lib/gcc/avr/4.8.1/avr5\libgcc.a(_tablejump.o)
 .text.libgcc.builtins
                0x00000000        0x0 c:/program files (x86)/atmel/atmel toolchain/avr8 gcc/native/3.4.1061/avr8-gnu-toolchain/bin/../lib/gcc/avr/4.8.1/avr5\libgcc.a(_tablejump.o)
 .text.libgcc.fmul
                0x00000000        0x0 c:/program files (x86)/atmel/atmel toolchain/avr8 gcc/native/3.4.1061/avr8-gnu-toolchain/bin/../lib/gcc/avr/4.8.1/avr5\libgcc.a(_tablejump.o)
 .text.libgcc.fixed
                0x00000000        0x0 c:/program files (x86)/atmel/atmel toolchain/avr8 gcc/native/3.4.1061/avr8-gnu-toolchain/bin/../lib/gcc/avr/4.8.1/avr5\libgcc.a(_tablejump.o)
 .text          0x00000000        0x0 c:/program files (x86)/atmel/atmel toolchain/avr8 gcc/native/3.4.1061/avr8-gnu-toolchain/bin/../lib/gcc/avr/4.8.1/avr5\libgcc.a(_copy_data.o)
 .data          0x00000000        0x0 c:/program files (x86)/atmel/atmel toolchain/avr8 gcc/native/3.4.1061/avr8-gnu-toolchain/bin/../lib/gcc/avr/4.8.1/avr5\libgcc.a(_copy_data.o)
 .bss           0x00000000        0x0 c:/program files (x86)/atmel/atmel toolchain/avr8 gcc/native/3.4.1061/avr8-gnu-toolchain/bin/../lib/gcc/avr/4.8.1/avr5\libgcc.a(_copy_data.o)
 .text.libgcc.mul
                0x00000000        0x0 c:/program files (x86)/atmel/atmel toolchain/avr8 gcc/native/3.4.1061/avr8-gnu-toolchain/bin/../lib/gcc/avr/4.8.1/avr5\libgcc.a(_copy_data.o)
 .text.libgcc.div
                0x00000000        0x0 c:/program files (x86)/atmel/atmel toolchain/avr8 gcc/native/3.4.1061/avr8-gnu-toolchain/bin/../lib/gcc/avr/4.8.1/avr5\libgcc.a(_copy_data.o)
 .text.libgcc   0x00000000        0x0 c:/program files (x86)/atmel/atmel toolchain/avr8 gcc/native/3.4.1061/avr8-gnu-toolchain/bin/../lib/gcc/avr/4.8.1/avr5\libgcc.a(_copy_data.o)
 .text.libgcc.prologue
                0x00000000        0x0 c:/program files (x86)/atmel/atmel toolchain/avr8 gcc/native/3.4.1061/avr8-gnu-toolchain/bin/../lib/gcc/avr/4.8.1/avr5\libgcc.a(_copy_data.o)
 .text.libgcc.builtins
                0x00000000        0x0 c:/program files (x86)/atmel/atmel toolchain/avr8 gcc/native/3.4.1061/avr8-gnu-toolchain/bin/../lib/gcc/avr/4.8.1/avr5\libgcc.a(_copy_data.o)
 .text.libgcc.fmul
                0x00000000        0x0 c:/program files (x86)/atmel/atmel toolchain/avr8 gcc/native/3.4.1061/avr8-gnu-toolchain/bin/../lib/gcc/avr/4.8.1/avr5\libgcc.a(_copy_data.o)
 .text.libgcc.fixed
                0x00000000        0x0 c:/program files (x86)/atmel/atmel toolchain/avr8 gcc/native/3.4.1061/avr8-gnu-toolchain/bin/../lib/gcc/avr/4.8.1/avr5\libgcc.a(_copy_data.o)
 .text          0x00000000        0x0 c:/program files (x86)/atmel/atmel toolchain/avr8 gcc/native/3.4.1061/avr8-gnu-toolchain/bin/../lib/gcc/avr/4.8.1/avr5\libgcc.a(_clear_bss.o)
 .data          0x00000000        0x0 c:/program files (x86)/atmel/atmel toolchain/avr8 gcc/native/3.4.1061/avr8-gnu-toolchain/bin/../lib/gcc/avr/4.8.1/avr5\libgcc.a(_clear_bss.o)
 .bss           0x00000000        0x0 c:/program files (x86)/atmel/atmel toolchain/avr8 gcc/native/3.4.1061/avr8-gnu-toolchain/bin/../lib/gcc/avr/4.8.1/avr5\libgcc.a(_clear_bss.o)
 .text.libgcc.mul
                0x00000000        0x0 c:/program files (x86)/atmel/atmel toolchain/avr8 gcc/native/3.4.1061/avr8-gnu-toolchain/bin/../lib/gcc/avr/4.8.1/avr5\libgcc.a(_clear_bss.o)
 .text.libgcc.div
                0x00000000        0x0 c:/program files (x86)/atmel/atmel toolchain/avr8 gcc/native/3.4.1061/avr8-gnu-toolchain/bin/../lib/gcc/avr/4.8.1/avr5\libgcc.a(_clear_bss.o)
 .text.libgcc   0x00000000        0x0 c:/program files (x86)/atmel/atmel toolchain/avr8 gcc/native/3.4.1061/avr8-gnu-toolchain/bin/../lib/gcc/avr/4.8.1/avr5\libgcc.a(_clear_bss.o)
 .text.libgcc.prologue
                0x00000000        0x0 c:/program files (x86)/atmel/atmel toolchain/avr8 gcc/native/3.4.1061/avr8-gnu-toolchain/bin/../lib/gcc/avr/4.8.1/avr5\libgcc.a(_clear_bss.o)
 .text.libgcc.builtins
                0x00000000        0x0 c:/program files (x86)/atmel/atmel toolchain/avr8 gcc/native/3.4.1061/avr8-gnu-toolchain/bin/../lib/gcc/avr/4.8.1/avr5\libgcc.a(_clear_bss.o)
 .text.libgcc.fmul
                0x00000000        0x0 c:/program files (x86)/atmel/atmel toolchain/avr8 gcc/native/3.4.1061/avr8-gnu-toolchain/bin/../lib/gcc/avr/4.8.1/avr5\libgcc.a(_clear_bss.o)
 .text.libgcc.fixed
                0x00000000        0x0 c:/program files (x86)/atmel/atmel toolchain/avr8 gcc/native/3.4.1061/avr8-gnu-toolchain/bin/../lib/gcc/avr/4.8.1/avr5\libgcc.a(_clear_bss.o)
 .text          0x00000000        0x0 c:/program files (x86)/atmel/atmel toolchain/avr8 gcc/native/3.4.1061/avr8-gnu-toolchain/bin/../lib/gcc/avr/4.8.1/avr5\libgcc.a(_udivmodhi4.o)
 .data          0x00000000        0x0 c:/program files (x86)/atmel/atmel toolchain/avr8 gcc/native/3.4.1061/avr8-gnu-toolchain/bin/../lib/gcc/avr/4.8.1/avr5\libgcc.a(_udivmodhi4.o)
 .bss           0x00000000        0x0 c:/program files (x86)/atmel/atmel toolchain/avr8 gcc/native/3.4.1061/avr8-gnu-toolchain/bin/../lib/gcc/avr/4.8.1/avr5\libgcc.a(_udivmodhi4.o)
 .text.libgcc.mul
                0x00000000        0x0 c:/program files (x86)/atmel/atmel toolchain/avr8 gcc/native/3.4.1061/avr8-gnu-toolchain/bin/../lib/gcc/avr/4.8.1/avr5\libgcc.a(_udivmodhi4.o)
 .text.libgcc.div
                0x00000000       0x28 c:/program files (x86)/atmel/atmel toolchain/avr8 gcc/native/3.4.1061/avr8-gnu-toolchain/bin/../lib/gcc/avr/4.8.1/avr5\libgcc.a(_udivmodhi4.o)
 .text.libgcc   0x00000000        0x0 c:/program files (x86)/atmel/atmel toolchain/avr8 gcc/native/3.4.1061/avr8-gnu-toolchain/bin/../lib/gcc/avr/4.8.1/avr5\libgcc.a(_udivmodhi4.o)
 .text.libgcc.prologue
                0x00000000        0x0 c:/program files (x86)/atmel/atmel toolchain/avr8 gcc/native/3.4.1061/avr8-gnu-toolchain/bin/../lib/gcc/avr/4.8.1/avr5\libgcc.a(_udivmodhi4.o)
 .text.libgcc.builtins
                0x00000000        0x0 c:/program files (x86)/atmel/atmel toolchain/avr8 gcc/native/3.4.1061/avr8-gnu-toolchain/bin/../lib/gcc/avr/4.8.1/avr5\libgcc.a(_udivmodhi4.o)
 .text.libgcc.fmul
                0x00000000        0x0 c:/program files (x86)/atmel/atmel toolchain/avr8 gcc/native/3.4.1061/avr8-gnu-toolchain/bin/../lib/gcc/avr/4.8.1/avr5\libgcc.a(_udivmodhi4.o)
 .text.libgcc.fixed
                0x00000000        0x0 c:/program files (x86)/atmel/atmel toolchain/avr8 gcc/native/3.4.1061/avr8-gnu-toolchain/bin/../lib/gcc/avr/4.8.1/avr5\libgcc.a(_udivmodhi4.o)
 .text          0x00000000        0x0 c:/program files (x86)/atmel/atmel toolchain/avr8 gcc/native/3.4.1061/avr8-gnu-toolchain/bin/../lib/gcc/avr/4.8.1/../../../../avr/lib/avr5\libc.a(atoi.o)
 .data          0x00000000        0x0 c:/program files (x86)/atmel/atmel toolchain/avr8 gcc/native/3.4.1061/avr8-gnu-toolchain/bin/../lib/gcc/avr/4.8.1/../../../../avr/lib/avr5\libc.a(atoi.o)
 .bss           0x00000000        0x0 c:/program files (x86)/atmel/atmel toolchain/avr8 gcc/native/3.4.1061/avr8-gnu-toolchain/bin/../lib/gcc/avr/4.8.1/../../../../avr/lib/avr5\libc.a(atoi.o)
 .text          0x00000000        0x0 c:/program files (x86)/atmel/atmel toolchain/avr8 gcc/native/3.4.1061/avr8-gnu-toolchain/bin/../lib/gcc/avr/4.8.1/../../../../avr/lib/avr5\libc.a(mul10.o)
 .data          0x00000000        0x0 c:/program files (x86)/atmel/atmel toolchain/avr8 gcc/native/3.4.1061/avr8-gnu-toolchain/bin/../lib/gcc/avr/4.8.1/../../../../avr/lib/avr5\libc.a(mul10.o)
 .bss           0x00000000        0x0 c:/program files (x86)/atmel/atmel toolchain/avr8 gcc/native/3.4.1061/avr8-gnu-toolchain/bin/../lib/gcc/avr/4.8.1/../../../../avr/lib/avr5\libc.a(mul10.o)

Memory Configuration

Name             Origin             Length             Attributes
text             0x00000000         0x00020000         xr
data             0x00800060         0x0000ffa0         rw !x
eeprom           0x00810000         0x00010000         rw !x
fuse             0x00820000         0x00000400         rw !x
lock             0x00830000         0x00000400         rw !x
signature        0x00840000         0x00000400         rw !x
user_signatures  0x00850000         0x00000400         rw !x
*default*        0x00000000         0xffffffff

Linker script and memory map

LOAD c:/program files (x86)/atmel/atmel toolchain/avr8 gcc/native/3.4.1061/avr8-gnu-toolchain/bin/../lib/gcc/avr/4.8.1/../../../../avr/lib/avr5/crtm32a.o
LOAD ADC.o
LOAD Blutooth_HC06.o
LOAD Buzzer.o
LOAD CLCD.o
LOAD DCMotor.o
LOAD DIO.o
LOAD IR.o
LOAD LDR.o
LOAD LED.o
LOAD main.o
LOAD Relay.o
LOAD Servo.o
LOAD SevenSegment.o
LOAD SmartHome.o
LOAD Stepper.o
LOAD TempSensorLm35.o
LOAD Timers.o
LOAD USART.o
START GROUP
LOAD c:/program files (x86)/atmel/atmel toolchain/avr8 gcc/native/3.4.1061/avr8-gnu-toolchain/bin/../lib/gcc/avr/4.8.1/../../../../avr/lib/avr5\libm.a
END GROUP
START GROUP
LOAD c:/program files (x86)/atmel/atmel toolchain/avr8 gcc/native/3.4.1061/avr8-gnu-toolchain/bin/../lib/gcc/avr/4.8.1/avr5\libgcc.a
LOAD c:/program files (x86)/atmel/atmel toolchain/avr8 gcc/native/3.4.1061/avr8-gnu-toolchain/bin/../lib/gcc/avr/4.8.1/../../../../avr/lib/avr5\libm.a
LOAD c:/program files (x86)/atmel/atmel toolchain/avr8 gcc/native/3.4.1061/avr8-gnu-toolchain/bin/../lib/gcc/avr/4.8.1/../../../../avr/lib/avr5\libc.a
END GROUP

.hash
 *(.hash)

.dynsym
 *(.dynsym)

.dynstr
 *(.dynstr)

.gnu.version
 *(.gnu.version)

.gnu.version_d
 *(.gnu.version_d)

.gnu.version_r
 *(.gnu.version_r)

.rel.init
 *(.rel.init)

.rela.init
 *(.rela.init)

.rel.text
 *(.rel.text)
 *(.rel.text.*)
 *(.rel.gnu.linkonce.t*)

.rela.text
 *(.rela.text)
 *(.rela.text.*)
 *(.rela.gnu.linkonce.t*)

.rel.fini
 *(.rel.fini)

.rela.fini
 *(.rela.fini)

.rel.rodata
 *(.rel.rodata)
 *(.rel.rodata.*)
 *(.rel.gnu.linkonce.r*)

.rela.rodata
 *(.rela.rodata)
 *(.rela.rodata.*)
 *(.rela.gnu.linkonce.r*)

.rel.data
 *(.rel.data)
 *(.rel.data.*)
 *(.rel.gnu.linkonce.d*)

.rela.data
 *(.rela.data)
 *(.rela.data.*)
 *(.rela.gnu.linkonce.d*)

.rel.ctors
 *(.rel.ctors)

.rela.ctors
 *(.rela.ctors)

.rel.dtors
 *(.rel.dtors)

.rela.dtors
 *(.rela.dtors)

.rel.got
 *(.rel.got)

.rela.got
 *(.rela.got)

.rel.bss
 *(.rel.bss)

.rela.bss
 *(.rela.bss)

.rel.plt
 *(.rel.plt)

.rela.plt
 *(.rela.plt)

.text           0x00000000     0x184a
 *(.vectors)
 .vectors       0x00000000       0x54 c:/program files (x86)/atmel/atmel toolchain/avr8 gcc/native/3.4.1061/avr8-gnu-toolchain/bin/../lib/gcc/avr/4.8.1/../../../../avr/lib/avr5/crtm32a.o
                0x00000000                __vector_default
                0x00000000                __vectors
 *(.vectors)
 *(.progmem.gcc*)
 .progmem.gcc_sw_table.SevenSegment_DisplayNumber
                0x00000054       0x14 SevenSegment.o
                0x00000068                . = ALIGN (0x2)
                0x00000068                __trampolines_start = .
 *(.trampolines)
 .trampolines   0x00000068        0x0 linker stubs
 *(.trampolines*)
                0x00000068                __trampolines_end = .
 *(.progmem*)
                0x00000068                . = ALIGN (0x2)
 *(.jumptables)
 *(.jumptables*)
 *(.lowtext)
 *(.lowtext*)
                0x00000068                __ctors_start = .
 *(.ctors)
                0x00000068                __ctors_end = .
                0x00000068                __dtors_start = .
 *(.dtors)
                0x00000068                __dtors_end = .
 SORT(*)(.ctors)
 SORT(*)(.dtors)
 *(.init0)
 .init0         0x00000068        0x0 c:/program files (x86)/atmel/atmel toolchain/avr8 gcc/native/3.4.1061/avr8-gnu-toolchain/bin/../lib/gcc/avr/4.8.1/../../../../avr/lib/avr5/crtm32a.o
                0x00000068                __init
 *(.init0)
 *(.init1)
 *(.init1)
 *(.init2)
 .init2         0x00000068        0xc c:/program files (x86)/atmel/atmel toolchain/avr8 gcc/native/3.4.1061/avr8-gnu-toolchain/bin/../lib/gcc/avr/4.8.1/../../../../avr/lib/avr5/crtm32a.o
 *(.init2)
 *(.init3)
 *(.init3)
 *(.init4)
 .init4         0x00000074       0x16 c:/program files (x86)/atmel/atmel toolchain/avr8 gcc/native/3.4.1061/avr8-gnu-toolchain/bin/../lib/gcc/avr/4.8.1/avr5\libgcc.a(_copy_data.o)
                0x00000074                __do_copy_data
 .init4         0x0000008a       0x10 c:/program files (x86)/atmel/atmel toolchain/avr8 gcc/native/3.4.1061/avr8-gnu-toolchain/bin/../lib/gcc/avr/4.8.1/avr5\libgcc.a(_clear_bss.o)
                0x0000008a                __do_clear_bss
 *(.init4)
 *(.init5)
 *(.init5)
 *(.init6)
 *(.init6)
 *(.init7)
 *(.init7)
 *(.init8)
 *(.init8)
 *(.init9)
 .init9         0x0000009a        0x8 c:/program files (x86)/atmel/atmel toolchain/avr8 gcc/native/3.4.1061/avr8-gnu-toolchain/bin/../lib/gcc/avr/4.8.1/../../../../avr/lib/avr5/crtm32a.o
 *(.init9)
 *(.text)
 .text          0x000000a2        0x4 c:/program files (x86)/atmel/atmel toolchain/avr8 gcc/native/3.4.1061/avr8-gnu-toolchain/bin/../lib/gcc/avr/4.8.1/../../../../avr/lib/avr5/crtm32a.o
                0x000000a2                __vector_1
                0x000000a2                __vector_12
                0x000000a2                __bad_interrupt
                0x000000a2                __vector_3
                0x000000a2                __vector_13
                0x000000a2                __vector_17
                0x000000a2                __vector_19
                0x000000a2                __vector_2
                0x000000a2                __vector_15
                0x000000a2                __vector_14
                0x000000a2                __vector_18
                0x000000a2                __vector_20
                0x000000a6                . = ALIGN (0x2)
 *(.text.*)
 .text.ADC_Initiate
                0x000000a6       0x26 ADC.o
                0x000000a6                ADC_Initiate
 .text.ADC_StartConversionSynch
                0x000000cc       0x7c ADC.o
                0x000000cc                ADC_StartConversionSynch
 .text.__vector_16
                0x00000148       0x64 ADC.o
                0x00000148                __vector_16
 .text.BluetoothHc06_Setup
                0x000001ac        0x6 Blutooth_HC06.o
                0x000001ac                BluetoothHc06_Setup
 .text.BluetoothHc06_SendToBluetooth
                0x000001b2        0x6 Blutooth_HC06.o
                0x000001b2                BluetoothHc06_SendToBluetooth
 .text.BluetoothHc06_ReceiveFromBluetooth
                0x000001b8       0x30 Blutooth_HC06.o
                0x000001b8                BluetoothHc06_ReceiveFromBluetooth
 .text.BluetoothHc06_SendStringToBluetooth
                0x000001e8       0x2a Blutooth_HC06.o
                0x000001e8                BluetoothHc06_SendStringToBluetooth
 .text.BluetoothHc06_ReceiveStringFromBluetooth
                0x00000212       0x5e Blutooth_HC06.o
                0x00000212                BluetoothHc06_ReceiveStringFromBluetooth
 .text.Buzzer_Setup
                0x00000270        0xe Buzzer.o
                0x00000270                Buzzer_Setup
 .text.DCMotor_Setup
                0x0000027e       0x80 DCMotor.o
                0x0000027e                DCMotor_Setup
 .text.DCMotor_MoveCW
                0x000002fe       0x20 DCMotor.o
                0x000002fe                DCMotor_MoveCW
 .text.DCMotor_Stop
                0x0000031e       0x20 DCMotor.o
                0x0000031e                DCMotor_Stop
 .text.DCMotor_ControlSpeed
                0x0000033e       0x4e DCMotor.o
                0x0000033e                DCMotor_ControlSpeed
 .text.DIO_SetPinDirection
                0x0000038c      0x1f6 DIO.o
                0x0000038c                DIO_SetPinDirection
 .text.DIO_SetPortDirection
                0x00000582       0x78 DIO.o
                0x00000582                DIO_SetPortDirection
 .text.DIO_WritePin
                0x000005fa      0x134 DIO.o
                0x000005fa                DIO_WritePin
 .text.DIO_WritePort
                0x0000072e       0x32 DIO.o
                0x0000072e                DIO_WritePort
 .text.IR_Setup
                0x00000760        0xe IR.o
                0x00000760                IR_Setup
 .text.LDR_Setup
                0x0000076e       0x12 LDR.o
                0x0000076e                LDR_Setup
 .text.LDR_GetValue
                0x00000780        0xa LDR.o
                0x00000780                LDR_GetValue
 .text.LED_Setup
                0x0000078a       0x3c LED.o
                0x0000078a                LED_Setup
 .text.LED_TurnOn
                0x000007c6       0x2a LED.o
                0x000007c6                LED_TurnOn
 .text.LED_TurnOff
                0x000007f0       0x2a LED.o
                0x000007f0                LED_TurnOff
 .text.main     0x0000081a      0x24c main.o
                0x0000081a                main
 .text.Relay_Setup
                0x00000a66        0xe Relay.o
                0x00000a66                Relay_Setup
 .text.Relay_TurnOn
                0x00000a74        0xe Relay.o
                0x00000a74                Relay_TurnOn
 .text.Relay_TurnOff
                0x00000a82        0xe Relay.o
                0x00000a82                Relay_TurnOff
 .text.Servo_Setup
                0x00000a90       0x44 Servo.o
                0x00000a90                Servo_Setup
 .text.Servo_WriteAngle
                0x00000ad4       0x52 Servo.o
                0x00000ad4                Servo_WriteAngle
 .text.SevenSegment_Setup
                0x00000b26       0x36 SevenSegment.o
                0x00000b26                SevenSegment_Setup
 .text.SevenSegment_DisplayNumber
                0x00000b5c       0x92 SevenSegment.o
                0x00000b5c                SevenSegment_DisplayNumber
 .text.SevenSegment_TurnOff
                0x00000bee       0x2a SevenSegment.o
                0x00000bee                SevenSegment_TurnOff
 .text.LoginSystem
                0x00000c18      0x112 SmartHome.o
                0x00000c18                LoginSystem
 .text.OpenDoor
                0x00000d2a        0x8 SmartHome.o
                0x00000d2a                OpenDoor
 .text.CloseDoor
                0x00000d32        0x8 SmartHome.o
                0x00000d32                CloseDoor
 .text.TurnOnFan
                0x00000d3a        0x6 SmartHome.o
                0x00000d3a                TurnOnFan
 .text.TurnOffFan
                0x00000d40        0x6 SmartHome.o
                0x00000d40                TurnOffFan
 .text.ControlFanByTemp
                0x00000d46       0x6e SmartHome.o
                0x00000d46                ControlFanByTemp
 .text.TurnOnLamp
                0x00000db4        0x6 SmartHome.o
                0x00000db4                TurnOnLamp
 .text.TurnOffLamp
                0x00000dba        0x6 SmartHome.o
                0x00000dba                TurnOffLamp
 .text.NightMode
                0x00000dc0      0x25e SmartHome.o
                0x00000dc0                NightMode
 .text.PrintScreen
                0x0000101e       0x86 SmartHome.o
                0x0000101e                PrintScreen
 .text.Lm35_Setup
                0x000010a4       0x1a TempSensorLm35.o
                0x000010a4                Lm35_Setup
 .text.Lm35_GetTemp
                0x000010be       0x6c TempSensorLm35.o
                0x000010be                Lm35_GetTemp
 .text.Timer0_Initiate
                0x0000112a       0x2e Timers.o
                0x0000112a                Timer0_Initiate
 .text.__vector_11
                0x00001158       0x52 Timers.o
                0x00001158                __vector_11
 .text.__vector_10
                0x000011aa       0x52 Timers.o
                0x000011aa                __vector_10
 .text.Timer1_Initiate
                0x000011fc       0x48 Timers.o
                0x000011fc                Timer1_Initiate
 .text.Timer1_SetICRValue
                0x00001244        0x6 Timers.o
                0x00001244                Timer1_SetICRValue
 .text.Timer1_PWM_OC1APin
                0x0000124a        0x6 Timers.o
                0x0000124a                Timer1_PWM_OC1APin
 .text.Timer1_PWM_OC1BPin
                0x00001250        0x6 Timers.o
                0x00001250                Timer1_PWM_OC1BPin
 .text.__vector_9
                0x00001256       0x52 Timers.o
                0x00001256                __vector_9
 .text.__vector_8
                0x000012a8       0x52 Timers.o
                0x000012a8                __vector_8
 .text.__vector_7
                0x000012fa       0x52 Timers.o
                0x000012fa                __vector_7
 .text.__vector_6
                0x0000134c       0x52 Timers.o
                0x0000134c                __vector_6
 .text.Timer2_Initiate
                0x0000139e       0x2e Timers.o
                0x0000139e                Timer2_Initiate
 .text.__vector_5
                0x000013cc       0x52 Timers.o
                0x000013cc                __vector_5
 .text.__vector_4
                0x0000141e       0x52 Timers.o
                0x0000141e                __vector_4
 .text.Timer_PWM
                0x00001470       0x34 Timers.o
                0x00001470                Timer_PWM
 .text.USART_Initiate
                0x000014a4       0x16 USART.o
                0x000014a4                USART_Initiate
 .text.USART_SendCharSynch
                0x000014ba        0x8 USART.o
                0x000014ba                USART_SendCharSynch
 .text.USART_RecieveCharSynch
                0x000014c2       0x28 USART.o
                0x000014c2                USART_RecieveCharSynch
 .text.avr-libc.fplib
                0x000014ea        0xa c:/program files (x86)/atmel/atmel toolchain/avr8 gcc/native/3.4.1061/avr8-gnu-toolchain/bin/../lib/gcc/avr/4.8.1/../../../../avr/lib/avr5\libm.a(addsf3.o)
                0x000014ea                __subsf3
                0x000014ec                __addsf3
 .text.avr-libc.fplib
                0x000014f4       0xc0 c:/program files (x86)/atmel/atmel toolchain/avr8 gcc/native/3.4.1061/avr8-gnu-toolchain/bin/../lib/gcc/avr/4.8.1/../../../../avr/lib/avr5\libm.a(addsf3x.o)
                0x0000150e                __addsf3x
 .text.avr-libc.fplib
                0x000015b4       0x58 c:/program files (x86)/atmel/atmel toolchain/avr8 gcc/native/3.4.1061/avr8-gnu-toolchain/bin/../lib/gcc/avr/4.8.1/../../../../avr/lib/avr5\libm.a(fixunssfsi.o)
                0x000015b4                __fixunssfsi
 .text.avr-libc.fplib
                0x0000160c       0x7a c:/program files (x86)/atmel/atmel toolchain/avr8 gcc/native/3.4.1061/avr8-gnu-toolchain/bin/../lib/gcc/avr/4.8.1/../../../../avr/lib/avr5\libm.a(floatsisf.o)
                0x0000160c                __floatunsisf
                0x00001610                __floatsisf
 .text.avr-libc.fplib
                0x00001686        0xc c:/program files (x86)/atmel/atmel toolchain/avr8 gcc/native/3.4.1061/avr8-gnu-toolchain/bin/../lib/gcc/avr/4.8.1/../../../../avr/lib/avr5\libm.a(fp_inf.o)
                0x00001686                __fp_inf
 .text.avr-libc.fplib
                0x00001692        0x6 c:/program files (x86)/atmel/atmel toolchain/avr8 gcc/native/3.4.1061/avr8-gnu-toolchain/bin/../lib/gcc/avr/4.8.1/../../../../avr/lib/avr5\libm.a(fp_nan.o)
                0x00001692                __fp_nan
 .text.avr-libc.fplib
                0x00001698        0xe c:/program files (x86)/atmel/atmel toolchain/avr8 gcc/native/3.4.1061/avr8-gnu-toolchain/bin/../lib/gcc/avr/4.8.1/../../../../avr/lib/avr5\libm.a(fp_pscA.o)
                0x00001698                __fp_pscA
 .text.avr-libc.fplib
                0x000016a6        0xe c:/program files (x86)/atmel/atmel toolchain/avr8 gcc/native/3.4.1061/avr8-gnu-toolchain/bin/../lib/gcc/avr/4.8.1/../../../../avr/lib/avr5\libm.a(fp_pscB.o)
                0x000016a6                __fp_pscB
 .text.avr-libc.fplib
                0x000016b4       0x22 c:/program files (x86)/atmel/atmel toolchain/avr8 gcc/native/3.4.1061/avr8-gnu-toolchain/bin/../lib/gcc/avr/4.8.1/../../../../avr/lib/avr5\libm.a(fp_round.o)
                0x000016b4                __fp_round
 .text.avr-libc.fplib
                0x000016d6       0x44 c:/program files (x86)/atmel/atmel toolchain/avr8 gcc/native/3.4.1061/avr8-gnu-toolchain/bin/../lib/gcc/avr/4.8.1/../../../../avr/lib/avr5\libm.a(fp_split3.o)
                0x000016d6                __fp_split3
                0x000016e6                __fp_splitA
 .text.avr-libc.fplib
                0x0000171a        0xe c:/program files (x86)/atmel/atmel toolchain/avr8 gcc/native/3.4.1061/avr8-gnu-toolchain/bin/../lib/gcc/avr/4.8.1/../../../../avr/lib/avr5\libm.a(fp_zero.o)
                0x0000171a                __fp_zero
                0x0000171c                __fp_szero
 .text.avr-libc.fplib
                0x00001728        0x4 c:/program files (x86)/atmel/atmel toolchain/avr8 gcc/native/3.4.1061/avr8-gnu-toolchain/bin/../lib/gcc/avr/4.8.1/../../../../avr/lib/avr5\libm.a(mulsf3.o)
                0x00001728                __mulsf3
 .text.avr-libc.fplib
                0x0000172c       0xc2 c:/program files (x86)/atmel/atmel toolchain/avr8 gcc/native/3.4.1061/avr8-gnu-toolchain/bin/../lib/gcc/avr/4.8.1/../../../../avr/lib/avr5\libm.a(mulsf3x.o)
                0x00001740                __mulsf3x
                0x00001744                __mulsf3_pse
 .text.libgcc   0x000017ee        0xc c:/program files (x86)/atmel/atmel toolchain/avr8 gcc/native/3.4.1061/avr8-gnu-toolchain/bin/../lib/gcc/avr/4.8.1/avr5\libgcc.a(_tablejump.o)
                0x000017ee                __tablejump2__
                0x000017f2                __tablejump__
 .text.avr-libc
                0x000017fa       0x3c c:/program files (x86)/atmel/atmel toolchain/avr8 gcc/native/3.4.1061/avr8-gnu-toolchain/bin/../lib/gcc/avr/4.8.1/../../../../avr/lib/avr5\libc.a(atoi.o)
                0x000017fa                atoi
 .text.avr-libc
                0x00001836       0x10 c:/program files (x86)/atmel/atmel toolchain/avr8 gcc/native/3.4.1061/avr8-gnu-toolchain/bin/../lib/gcc/avr/4.8.1/../../../../avr/lib/avr5\libc.a(mul10.o)
                0x00001836                __mulhi_const_10
                0x00001846                . = ALIGN (0x2)
 *(.fini9)
 .fini9         0x00001846        0x0 c:/program files (x86)/atmel/atmel toolchain/avr8 gcc/native/3.4.1061/avr8-gnu-toolchain/bin/../lib/gcc/avr/4.8.1/avr5\libgcc.a(_exit.o)
                0x00001846                _exit
                0x00001846                exit
 *(.fini9)
 *(.fini8)
 *(.fini8)
 *(.fini7)
 *(.fini7)
 *(.fini6)
 *(.fini6)
 *(.fini5)
 *(.fini5)
 *(.fini4)
 *(.fini4)
 *(.fini3)
 *(.fini3)
 *(.fini2)
 *(.fini2)
 *(.fini1)
 *(.fini1)
 *(.fini0)
 .fini0         0x00001846        0x4 c:/program files (x86)/atmel/atmel toolchain/avr8 gcc/native/3.4.1061/avr8-gnu-toolchain/bin/../lib/gcc/avr/4.8.1/avr5\libgcc.a(_exit.o)
 *(.fini0)
                0x0000184a                _etext = .

.data           0x00800060      0x1d6 load address 0x0000184a
                0x00800060                PROVIDE (__data_start, .)
 *(.data)
 *(.data*)
 .data.ADC_BusyFlag
                0x00800060        0x1 ADC.o
 *(.rodata)
 *(.rodata*)
 .rodata.str1.1
                0x00800061       0x17 main.o
                                 0x19 (size before relaxing)
 .rodata.str1.1
                0x00800078      0x1be SmartHome.o
                                0x1e2 (size before relaxing)
 *(.gnu.linkonce.d*)
                0x00800236                . = ALIGN (0x2)
                0x00800236                _edata = .
                0x00800236                PROVIDE (__data_end, .)

.bss            0x00800236       0x14
                0x00800236                PROVIDE (__bss_start, .)
 *(.bss)
 *(.bss*)
 .bss.ADC_ReadingValue
                0x00800236        0x2 ADC.o
                0x00800236                ADC_ReadingValue
 .bss.GlopalPointer_ADCInterrupt
                0x00800238        0x2 ADC.o
 .bss.GlobalPointer_Timer2_OverFlowEvent
                0x0080023a        0x2 Timers.o
 .bss.GlobalPointer_Timer2_CompareMatchEvent
                0x0080023c        0x2 Timers.o
 .bss.GlobalPointer_Timer1_CaptureEvent
                0x0080023e        0x2 Timers.o
 .bss.GlobalPointer_Timer1_CompareMatchBEvent
                0x00800240        0x2 Timers.o
 .bss.GlobalPointer_Timer1_CompareMatchAEvent
                0x00800242        0x2 Timers.o
 .bss.GlobalPointer_Timer1_OverFlowEvent
                0x00800244        0x2 Timers.o
 .bss.GlobalPointer_Timer0_OverFlowEvent
                0x00800246        0x2 Timers.o
 .bss.GlobalPointer_Timer0_CompareMatchEvent
                0x00800248        0x2 Timers.o
 *(COMMON)
                0x0080024a                PROVIDE (__bss_end, .)
                0x0000184a                __data_load_start = LOADADDR (.data)
                0x00001a20                __data_load_end = (__data_load_start + SIZEOF (.data))

.noinit         0x0080024a        0x0
                0x0080024a                PROVIDE (__noinit_start, .)
 *(.noinit*)
                0x0080024a                PROVIDE (__noinit_end, .)
                0x0080024a                _end = .
                0x0080024a                PROVIDE (__heap_start, .)

.eeprom         0x00810000        0x0
 *(.eeprom*)
                0x00810000                __eeprom_end = .

.fuse
 *(.fuse)
 *(.lfuse)
 *(.hfuse)
 *(.efuse)

.lock
 *(.lock*)

.signature
 *(.signature*)

.user_signatures
 *(.user_signatures*)

.stab
 *(.stab)

.stabstr
 *(.stabstr)

.stab.excl
 *(.stab.excl)

.stab.exclstr
 *(.stab.exclstr)

.stab.index
 *(.stab.index)

.stab.indexstr
 *(.stab.indexstr)

.comment        0x00000000       0x30
 *(.comment)
 .comment       0x00000000       0x30 ADC.o
                                 0x31 (size before relaxing)
 .comment       0x00000000       0x31 Blutooth_HC06.o
 .comment       0x00000000       0x31 Buzzer.o
 .comment       0x00000000       0x31 DCMotor.o
 .comment       0x00000000       0x31 DIO.o
 .comment       0x00000000       0x31 IR.o
 .comment       0x00000000       0x31 LDR.o
 .comment       0x00000000       0x31 LED.o
 .comment       0x00000000       0x31 main.o
 .comment       0x00000000       0x31 Relay.o
 .comment       0x00000000       0x31 Servo.o
 .comment       0x00000000       0x31 SevenSegment.o
 .comment       0x00000000       0x31 SmartHome.o
 .comment       0x00000000       0x31 TempSensorLm35.o
 .comment       0x00000000       0x31 Timers.o
 .comment       0x00000000       0x31 USART.o

.note.gnu.build-id
 *(.note.gnu.build-id)

.debug
 *(.debug)

.line
 *(.line)

.debug_srcinfo
 *(.debug_srcinfo)

.debug_sfnames
 *(.debug_sfnames)

.debug_aranges  0x00000000      0x478
 *(.debug_aranges)
 .debug_aranges
                0x00000000       0x38 ADC.o
 .debug_aranges
                0x00000038       0x40 Blutooth_HC06.o
 .debug_aranges
                0x00000078       0x30 Buzzer.o
 .debug_aranges
                0x000000a8       0x40 DCMotor.o
 .debug_aranges
                0x000000e8       0x48 DIO.o
 .debug_aranges
                0x00000130       0x28 IR.o
 .debug_aranges
                0x00000158       0x28 LDR.o
 .debug_aranges
                0x00000180       0x30 LED.o
 .debug_aranges
                0x000001b0       0x20 main.o
 .debug_aranges
                0x000001d0       0x30 Relay.o
 .debug_aranges
                0x00000200       0x28 Servo.o
 .debug_aranges
                0x00000228       0x30 SevenSegment.o
 .debug_aranges
                0x00000258       0x68 SmartHome.o
 .debug_aranges
                0x000002c0       0x28 TempSensorLm35.o
 .debug_aranges
                0x000002e8      0x150 Timers.o
 .debug_aranges
                0x00000438       0x40 USART.o

.debug_pubnames
 *(.debug_pubnames)

.debug_info     0x00000000     0x4081
 *(.debug_info .gnu.linkonce.wi.*)
 .debug_info    0x00000000      0x1de ADC.o
 .debug_info    0x000001de      0x220 Blutooth_HC06.o
 .debug_info    0x000003fe      0x207 Buzzer.o
 .debug_info    0x00000605      0x3c3 DCMotor.o
 .debug_info    0x000009c8      0x2ad DIO.o
 .debug_info    0x00000c75      0x1d7 IR.o
 .debug_info    0x00000e4c      0x1d8 LDR.o
 .debug_info    0x00001024      0x261 LED.o
 .debug_info    0x00001285      0x9a0 main.o
 .debug_info    0x00001c25      0x207 Relay.o
 .debug_info    0x00001e2c      0x253 Servo.o
 .debug_info    0x0000207f      0x2fb SevenSegment.o
 .debug_info    0x0000237a     0x11e2 SmartHome.o
 .debug_info    0x0000355c      0x21e TempSensorLm35.o
 .debug_info    0x0000377a      0x761 Timers.o
 .debug_info    0x00003edb      0x1a6 USART.o

.debug_abbrev   0x00000000     0x124c
 *(.debug_abbrev)
 .debug_abbrev  0x00000000       0xed ADC.o
 .debug_abbrev  0x000000ed       0xf8 Blutooth_HC06.o
 .debug_abbrev  0x000001e5       0xe9 Buzzer.o
 .debug_abbrev  0x000002ce      0x11b DCMotor.o
 .debug_abbrev  0x000003e9       0xb0 DIO.o
 .debug_abbrev  0x00000499       0xf8 IR.o
 .debug_abbrev  0x00000591      0x10c LDR.o
 .debug_abbrev  0x0000069d      0x112 LED.o
 .debug_abbrev  0x000007af      0x16f main.o
 .debug_abbrev  0x0000091e       0xe9 Relay.o
 .debug_abbrev  0x00000a07      0x159 Servo.o
 .debug_abbrev  0x00000b60      0x112 SevenSegment.o
 .debug_abbrev  0x00000c72      0x1ef SmartHome.o
 .debug_abbrev  0x00000e61      0x11b TempSensorLm35.o
 .debug_abbrev  0x00000f7c      0x218 Timers.o
 .debug_abbrev  0x00001194       0xb8 USART.o

.debug_line     0x00000000     0x1127
 *(.debug_line .debug_line.* .debug_line_end)
 .debug_line    0x00000000       0xde ADC.o
 .debug_line    0x000000de       0xbf Blutooth_HC06.o
 .debug_line    0x0000019d       0x90 Buzzer.o
 .debug_line    0x0000022d       0xf4 DCMotor.o
 .debug_line    0x00000321      0x1f4 DIO.o
 .debug_line    0x00000515       0x77 IR.o
 .debug_line    0x0000058c       0x81 LDR.o
 .debug_line    0x0000060d       0x94 LED.o
 .debug_line    0x000006a1      0x188 main.o
 .debug_line    0x00000829       0x8e Relay.o
 .debug_line    0x000008b7       0xab Servo.o
 .debug_line    0x00000962       0xae SevenSegment.o
 .debug_line    0x00000a10      0x266 SmartHome.o
 .debug_line    0x00000c76       0x9d TempSensorLm35.o
 .debug_line    0x00000d13      0x364 Timers.o
 .debug_line    0x00001077       0xb0 USART.o

.debug_frame    0x00000000      0xb24
 *(.debug_frame)
 .debug_frame   0x00000000       0x9c ADC.o
 .debug_frame   0x0000009c       0xc0 Blutooth_HC06.o
 .debug_frame   0x0000015c       0x44 Buzzer.o
 .debug_frame   0x000001a0       0xa4 DCMotor.o
 .debug_frame   0x00000244       0x74 DIO.o
 .debug_frame   0x000002b8       0x34 IR.o
 .debug_frame   0x000002ec       0x34 LDR.o
 .debug_frame   0x00000320       0x50 LED.o
 .debug_frame   0x00000370       0x34 main.o
 .debug_frame   0x000003a4       0x44 Relay.o
 .debug_frame   0x000003e8       0x50 Servo.o
 .debug_frame   0x00000438       0x50 SevenSegment.o
 .debug_frame   0x00000488      0x118 SmartHome.o
 .debug_frame   0x000005a0       0x5c TempSensorLm35.o
 .debug_frame   0x000005fc      0x4c4 Timers.o
 .debug_frame   0x00000ac0       0x64 USART.o

.debug_str      0x00000000      0xe84
 *(.debug_str)
 .debug_str     0x00000000      0x253 ADC.o
                                0x287 (size before relaxing)
 .debug_str     0x00000253      0x110 Blutooth_HC06.o
                                0x27a (size before relaxing)
 .debug_str     0x00000363       0x80 Buzzer.o
                                0x230 (size before relaxing)
 .debug_str     0x000003e3       0xda DCMotor.o
                                0x2c5 (size before relaxing)
 .debug_str     0x000004bd       0x79 DIO.o
                                0x252 (size before relaxing)
 .debug_str     0x00000536       0x3b IR.o
                                0x210 (size before relaxing)
 .debug_str     0x00000571       0x28 LDR.o
                                0x216 (size before relaxing)
 .debug_str     0x00000599       0x59 LED.o
                                0x22a (size before relaxing)
 .debug_str     0x000005f2      0x1ca main.o
                                0x4ac (size before relaxing)
 .debug_str     0x000007bc       0x28 Relay.o
                                0x226 (size before relaxing)
 .debug_str     0x000007e4       0x7d Servo.o
                                0x292 (size before relaxing)
 .debug_str     0x00000861       0x35 SevenSegment.o
                                0x25a (size before relaxing)
 .debug_str     0x00000896       0x79 SmartHome.o
                                0x4ba (size before relaxing)
 .debug_str     0x0000090f       0x33 TempSensorLm35.o
                                0x26c (size before relaxing)
 .debug_str     0x00000942      0x4e7 Timers.o
                                0x754 (size before relaxing)
 .debug_str     0x00000e29       0x5b USART.o
                                0x215 (size before relaxing)

.debug_loc      0x00000000     0x2ed8
 *(.debug_loc)
 .debug_loc     0x00000000      0x236 ADC.o
 .debug_loc     0x00000236      0x261 Blutooth_HC06.o
 .debug_loc     0x00000497       0xff Buzzer.o
 .debug_loc     0x00000596      0x3a8 DCMotor.o
 .debug_loc     0x0000093e      0x957 DIO.o
 .debug_loc     0x00001295       0xe0 IR.o
 .debug_loc     0x00001375       0x92 LDR.o
 .debug_loc     0x00001407      0x1fc LED.o
 .debug_loc     0x00001603      0x143 main.o
 .debug_loc     0x00001746       0xff Relay.o
 .debug_loc     0x00001845      0x17b Servo.o
 .debug_loc     0x000019c0      0x57a SevenSegment.o
 .debug_loc     0x00001f3a      0x43f SmartHome.o
 .debug_loc     0x00002379      0x1c3 TempSensorLm35.o
 .debug_loc     0x0000253c      0x8ec Timers.o
 .debug_loc     0x00002e28       0xb0 USART.o

.debug_macinfo
 *(.debug_macinfo)

.debug_weaknames
 *(.debug_weaknames)

.debug_funcnames
 *(.debug_funcnames)

.debug_typenames
 *(.debug_typenames)

.debug_varnames
 *(.debug_varnames)

.debug_pubtypes
 *(.debug_pubtypes)

.debug_ranges   0x00000000      0x378
 *(.debug_ranges)
 .debug_ranges  0x00000000       0x28 ADC.o
 .debug_ranges  0x00000028       0x30 Blutooth_HC06.o
 .debug_ranges  0x00000058       0x20 Buzzer.o
 .debug_ranges  0x00000078       0x30 DCMotor.o
 .debug_ranges  0x000000a8       0x38 DIO.o
 .debug_ranges  0x000000e0       0x18 IR.o
 .debug_ranges  0x000000f8       0x18 LDR.o
 .debug_ranges  0x00000110       0x20 LED.o
 .debug_ranges  0x00000130       0x10 main.o
 .debug_ranges  0x00000140       0x20 Relay.o
 .debug_ranges  0x00000160       0x18 Servo.o
 .debug_ranges  0x00000178       0x20 SevenSegment.o
 .debug_ranges  0x00000198       0x58 SmartHome.o
 .debug_ranges  0x000001f0       0x18 TempSensorLm35.o
 .debug_ranges  0x00000208      0x140 Timers.o
 .debug_ranges  0x00000348       0x30 USART.o

.debug_macro
 *(.debug_macro)
OUTPUT(SmartHome.elf elf32-avr)
LOAD linker stubs
